[ 12%] Building CXX object CMakeFiles/o3f_lite.dir/src/Agent.cpp.obj
mingw32-make : mingw32-make[2]: *** [CMakeFiles\o3f_lite.dir\build.make:79: CMakeFiles/o3f_lite.dir/src/Agent.cpp.obj] Error 1
At line:1 char:1
+ mingw32-make 2>&1 | Tee-Object -FilePath build_output.txt
+ ~~~~~~~~~~~~~~~~~
    + CategoryInfo          : NotSpecified: (mingw32-make[2]...pp.obj] Error 1:String) [], RemoteException
    + FullyQualifiedErrorId : NativeCommandError
 
mingw32-make[1]: *** [CMakeFiles\Makefile2:86: CMakeFiles/o3f_lite.dir/all] Error 2
mingw32-make: *** [makefile:90: all] Error 2
